
Analysis Description
--------------------
RELAX (a random effects test of selection relaxation) uses a random
effects branch-site model framework to test whether a set of 'Test'
branches evolves under relaxed selection relative to a set of
'Reference' branches (R), as measured by the relaxation parameter (K).
Version 2.1 adds a check for stability in K estimates to try to mitigate
convergence problems. Version 3 provides support for >2 branch sets.
Version 3.1 adds LHC + Nedler-Mead initial fit phase and keyword
support. Version 3.1.1 adds some bug fixes for better convergence.
Version 4.0 adds support for synonymous rate variation. Version 4.1 adds
further support for multiple hit models. Version 4.1.1 adds reporting
for convergence diagnostics

- __Requirements__: in-frame codon alignment and a phylogenetic tree, with at least two
groups of branches defined using the {} notation (one group can be
defined as all unlabeled branches)

- __Citation__: RELAX: Detecting Relaxed Selection in a Phylogenetic Framework (2015).
Mol Biol Evol 32 (3): 820-832

- __Written by__: Sergei L Kosakovsky Pond, Ben Murrell, Steven Weaver and Temple iGEM /
UCSD viral evolution g

- __Contact Information__: spond@temple.edu

- __Analysis Version__: 3.1.1


>code => Universal
/media/nova/Nova1/submitted/mycobacterium/publication/supplementary_text/relax/common_reference_LEP_tips_stem.nwk
/media/nova/Nova1/submitted/mycobacterium/publication/supplementary_text/relax/common_reference_LEP_tips_stem.nwk

>Loaded a multiple sequence alignment with **37** sequences, **21280** codons, and **1** partitions from `/media/nova/Nova1/submitted/mycobacterium/analysis_3way/three_way.codon.fa`

>mode => Classic mode

>test => Test

>reference => Reference
The number of points in the initial distributional guess for likelihood fitting (permissible range = [1,10000], default value = 250, integer): 
>grid-size => 250
The number of initial random guesses to 'seed' rate values optimization (permissible range = [1,25], default value = 1, integer): 
>starting-points => 1


### Branch sets for RELAX analysis

>multiple-hits => None

* Selected 39 branches as the _Reference_ set: `spire_mag_00492514, spire_mag_00493620, spire_mag_00709062, spire_mag_01678249, spire_mag_01680964, AuditNode013, spire_mag_01679848, AuditNode012, AuditNode011, spire_mag_02001409, AuditNode010, AuditNode008, spire_mag_02598702, AuditNode007, AuditNode006, spire_mag_02520786, AuditNode005, spire_mag_01196792, spire_mag_02184890, AuditNode054, spire_mag_02292565, spire_mag_02298516, AuditNode062, spire_mag_02296681, AuditNode061, spire_mag_02292667, AuditNode060, spire_mag_02305637, AuditNode059, spire_mag_02300785, AuditNode058, spire_mag_02307626, AuditNode057, AuditNode053, spire_mag_01203432, AuditNode052, AuditNode004, spire_mag_01198798, AuditNode003`

* Selected 4 branches as the _Test_ set: `uberis, leprae, lepromatosis, AuditNode017`
* 28 branches are in the unclassified (nuisance) set: `AuditNode019, spire_mag_00871125, spire_mag_00873124, AuditNode029, spire_mag_00874439, AuditNode028, spire_mag_01822855, AuditNode027, spire_mag_01112767, spire_mag_01753708, spire_mag_02100063, AuditNode037, AuditNode035, spire_mag_02088284, spire_mag_02088418, AuditNode040, AuditNode034, AuditNode026, spire_mag_01882647, AuditNode025, spire_mag_02087828, spire_mag_02088287, AuditNode046, spire_mag_02088330, AuditNode045, spire_mag_02088507, AuditNode044, AuditNode024`
The number omega rate classes to include in the model (permissible range = [2,10], default value = 3, integer): 
>rates => 3

>models => Minimal

>srv => Yes
The number omega rate classes to include in the model (permissible range = [1,10], default value = 3, integer): 
>syn-rates => 3


### Obtaining branch lengths and nucleotide substitution biases under the nucleotide GTR model

>kill-zero-lengths => Yes

### Deleted 1 zero-length internal branches: `AuditNode062`
* Log(L) = -777464.82, AIC-c = 1555087.65 (79 estimated parameters)
* 1 partition. Total tree length by partition (subs/site)  3.337

### Obtaining the global omega estimate based on relative GTR branch lengths and nucleotide substitution biases
* Log(L) = -716817.66, AIC-c = 1433809.34 (87 estimated parameters)
* 1 partition. Total tree length by partition (subs/site)  4.225
* non-synonymous/synonymous rate ratio for *Reference* =   0.1353
* non-synonymous/synonymous rate ratio for *Test* =   0.1544
* non-synonymous/synonymous rate ratio for *Unclassified* =   0.1298

### Improving branch lengths, nucleotide substitution biases, and global dN/dS ratios under a full codon model
* Log(L) = -710696.34, AIC-c = 1421566.70 (87 estimated parameters)
* non-synonymous/synonymous rate ratio for *Reference* =   0.1061
* non-synonymous/synonymous rate ratio for *Test* =   0.2131
* non-synonymous/synonymous rate ratio for *Unclassified* =   0.1103

### Fitting the alternative model to test K != 1
* Log(L) = -681510.08, AIC-c = 1363220.18 (100 estimated parameters)
* Relaxation/intensification parameter (K) =     0.84
* The following rate distribution was inferred for **test** branches

|          Selection mode           |     dN/dS     |Proportion, %|               Notes               |
|-----------------------------------|---------------|-------------|-----------------------------------|
|        Negative selection         |     0.025     |   74.751    |                                   |
|        Negative selection         |     0.170     |   23.738    |                                   |
|      Diversifying selection       |    10.300     |    1.511    |                                   |

* The following rate distribution was inferred for **reference** branches

|          Selection mode           |     dN/dS     |Proportion, %|               Notes               |
|-----------------------------------|---------------|-------------|-----------------------------------|
|        Negative selection         |     0.013     |   74.751    |                                   |
|        Negative selection         |     0.122     |   23.738    |                                   |
|      Diversifying selection       |    15.906     |    1.511    |                                   |

* The following rate distribution for site-to-site **synonymous** rate variation was inferred

|               Rate                | Proportion, % |               Notes               |
|-----------------------------------|---------------|-----------------------------------|
|               0.132               |    18.523     |                                   |
|               0.357               |    60.735     |                                   |
|               3.657               |    20.742     |                                   |


### Fitting the null (K := 1) model
* Log(L) = -681631.58, AIC-c = 1363461.18 (99 estimated parameters)
* The following rate distribution for test/reference branches was inferred

|          Selection mode           |     dN/dS     |Proportion, %|               Notes               |
|-----------------------------------|---------------|-------------|-----------------------------------|
|        Negative selection         |     0.013     |   73.829    |                                   |
|        Negative selection         |     0.121     |   24.426    |                                   |
|      Diversifying selection       |     9.792     |    1.745    |                                   |

* The following rate distribution for site-to-site **synonymous** rate variation was inferred

|               Rate                | Proportion, % |               Notes               |
|-----------------------------------|---------------|-----------------------------------|
|               0.130               |    18.673     |                                   |
|               0.352               |    60.816     |                                   |
|               3.714               |    20.510     |                                   |

----
## Test for relaxation (or intensification) of selection [RELAX]
Likelihood ratio test **p =   0.0000**.
>Evidence for *relaxation of selection* among **test** branches _relative_ to the **reference** branches at P<=0.05
----

