IQ-TREE multicore version 2.0.7 for Linux 64-bit built Apr  1 2024
Developed by Bui Quang Minh, Nguyen Lam Tung, Olga Chernomor,
Heiko Schmidt, Dominik Schrempf, Michael Woodhams.

Host:    nova-pc (AVX512, FMA3, 249 GB RAM)
Command: /usr/bin/iqtree2 -s iqtree/bac120.msa.faa -m LG+G4 -B 1000 -T 16 --prefix iqtree/myco_bac120 -redo
Seed:    457259 (Using SPRNG - Scalable Parallel Random Number Generator)
Time:    Sun Jun  7 15:14:42 2026
Kernel:  AVX+FMA - 16 threads (32 CPU cores detected)

Reading alignment file iqtree/bac120.msa.faa ... Fasta format detected
Alignment most likely contains protein sequences
WARNING: 13 sites contain only gaps or ambiguous characters.
Alignment has 862 sequences with 5036 columns, 4897 distinct patterns
3039 parsimony-informative, 497 singleton sites, 1500 constant sites
                       Gap/Ambiguity  Composition  p-value
   1  GB_GCA_000230935.2       4.49%    passed    100.00%
   2  GB_GCA_001665235.1       5.02%    passed    100.00%
   3  GB_GCA_001665255.1       6.49%    passed    100.00%
   4  GB_GCA_001665295.1       3.79%    passed     99.99%
   5  GB_GCA_001942045.1       2.78%    passed     99.96%
   6  GB_GCA_002007745.1       6.00%    passed    100.00%
   7  GB_GCA_002013415.1       2.72%    passed     98.93%
   8  GB_GCA_002013465.1       1.75%    passed     99.44%
   9  GB_GCA_002013775.1       1.77%    passed     99.09%
  10  GB_GCA_002102225.1       1.63%    passed    100.00%
  11  GB_GCA_002967005.1      22.40%    passed     98.82%
  12  GB_GCA_003165155.1      13.09%    passed     99.22%
  13  GB_GCA_003347205.1       1.67%    passed     99.99%
  14  GB_GCA_005789055.1      54.29%    passed     74.02%
  15  GB_GCA_014204435.1       2.08%    passed     99.94%
  16  GB_GCA_016197365.1       6.51%    passed     99.89%
  17  GB_GCA_016197405.1       3.47%    passed     99.98%
  18  GB_GCA_018268465.1       3.99%    passed     99.98%
  19  GB_GCA_018401645.1      21.94%    passed     99.26%
  20  GB_GCA_018500005.2      37.63%    passed     98.46%
  21  GB_GCA_018882545.1      24.72%    passed    100.00%
  22  GB_GCA_018882965.1       3.49%    passed     99.97%
  23  GB_GCA_018883075.1      23.23%    passed     99.34%
  24  GB_GCA_019236925.1      20.47%    passed     99.59%
  25  GB_GCA_019242135.1      20.71%    passed     98.02%
  26  GB_GCA_019245755.1       2.86%    passed     98.51%
  27  GB_GCA_019246375.1      25.89%    passed     90.46%
  28  GB_GCA_019749805.1       4.63%    passed     99.98%
  29  GB_GCA_019751635.1      13.54%    passed     97.84%
  30  GB_GCA_020438785.1      54.45%    passed     18.36%
  31  GB_GCA_020438845.1       7.39%    passed    100.00%
  32  GB_GCA_020438865.1      19.44%    passed     95.93%
  33  GB_GCA_020438895.1      35.52%    passed     81.74%
  34  GB_GCA_020438905.1      24.90%    passed     94.51%
  35  GB_GCA_020438915.1      48.53%    passed     41.58%
  36  GB_GCA_020439025.1      24.25%    passed     80.19%
  37  GB_GCA_021154745.1      29.86%    passed     75.96%
  38  GB_GCA_021648845.1       7.88%    passed     99.99%
  39  GB_GCA_021654635.1       6.87%    passed    100.00%
  40  GB_GCA_021732005.1       2.50%    passed    100.00%
  41  GB_GCA_022600605.1      19.04%    passed     92.29%
  42  GB_GCA_022600695.1      32.21%    passed     95.36%
  43  GB_GCA_022601135.1      10.29%    passed     99.99%
  44  GB_GCA_022601275.1       7.13%    passed     99.90%
  45  GB_GCA_022708865.1      27.80%    passed     97.24%
  46  GB_GCA_022841565.1       7.37%    passed     99.78%
  47  GB_GCA_023264735.1       3.26%    passed    100.00%
  48  GB_GCA_023264755.1      39.91%    passed     98.57%
  49  GB_GCA_023264765.1      24.11%    passed     93.73%
  50  GB_GCA_023404955.1      14.20%    passed     97.26%
  51  GB_GCA_023415515.1       9.25%    passed     99.99%
  52  GB_GCA_023416315.1      22.70%    passed     99.97%
  53  GB_GCA_023460175.1       4.65%    passed    100.00%
  54  GB_GCA_024758765.1       2.30%    passed     99.98%
  55  GB_GCA_025821245.1      10.13%    passed     99.76%
  56  GB_GCA_025963195.1      38.20%    passed     59.55%
  57  GB_GCA_025963385.1      27.01%    passed     98.63%
  58  GB_GCA_025965555.1      10.68%    passed     99.95%
  59  GB_GCA_025965815.1      36.70%    passed     99.39%
  60  GB_GCA_025965895.1       9.03%    passed     99.99%
  61  GB_GCA_025966225.1      10.74%    passed     99.98%
  62  GB_GCA_026393245.1       9.53%    passed     98.59%
  63  GB_GCA_027728805.1       9.77%    passed     99.98%
  64  GB_GCA_028706695.1      28.38%    passed     85.22%
  65  GB_GCA_029256565.1      43.43%    passed     78.12%
  66  GB_GCA_029780675.1      13.82%    passed     99.97%
  67  GB_GCA_029977845.1      33.96%    passed     99.40%
  68  GB_GCA_029979305.1      43.47%    passed     13.93%
  69  GB_GCA_030666145.1       8.82%    passed     99.96%
  70  GB_GCA_030836785.1      16.52%    passed     99.31%
  71  GB_GCA_031292665.1       4.31%    passed     99.57%
  72  GB_GCA_031292695.1      14.59%    passed     99.98%
  73  GB_GCA_032159565.1       7.47%    passed    100.00%
  74  GB_GCA_032159765.1       6.89%    passed     99.99%
  75  GB_GCA_032159775.1       9.33%    passed     99.95%
  76  GB_GCA_032159915.1      15.33%    passed     99.99%
  77  GB_GCA_032159965.1      21.41%    passed     99.89%
  78  GB_GCA_032161845.1      25.04%    passed    100.00%
  79  GB_GCA_032161985.1      43.71%    passed     33.15%
  80  GB_GCA_032162105.1      22.56%    passed     88.48%
  81  GB_GCA_032162325.1      35.98%    passed     64.78%
  82  GB_GCA_032162385.1      46.70%    passed     34.26%
  83  GB_GCA_032162485.1      43.23%    passed     90.89%
  84  GB_GCA_032162605.1      18.63%    passed     99.98%
  85  GB_GCA_032162865.1      46.05%    failed      3.77%
  86  GB_GCA_032230775.1      29.13%    passed     94.10%
  87  GB_GCA_034189785.1       3.40%    passed    100.00%
  88  GB_GCA_034190095.1       7.92%    passed    100.00%
  89  GB_GCA_034520035.1       4.37%    passed     99.94%
  90  GB_GCA_035253445.1      22.80%    passed     99.76%
  91  GB_GCA_035279185.1      21.72%    passed     99.68%
  92  GB_GCA_035314925.1      23.09%    passed     99.98%
  93  GB_GCA_035345915.1      42.67%    passed     93.89%
  94  GB_GCA_035472875.1      40.29%    passed     78.60%
  95  GB_GCA_035492865.1      26.57%    passed     99.42%
  96  GB_GCA_035505695.1       4.29%    passed     99.95%
  97  GB_GCA_035506875.1      34.21%    passed     96.27%
  98  GB_GCA_035511785.1      25.36%    passed     99.62%
  99  GB_GCA_035552295.1      24.74%    passed     87.85%
 100  GB_GCA_035552835.1      34.27%    passed     99.94%
 101  GB_GCA_035569455.1      41.84%    passed     84.46%
 102  GB_GCA_035606475.1      26.45%    passed     95.76%
 103  GB_GCA_035625875.1       3.77%    passed     99.92%
 104  GB_GCA_035633495.1      10.13%    passed     99.71%
 105  GB_GCA_035634855.1      29.81%    passed     96.35%
 106  GB_GCA_035642315.1      39.26%    passed     97.00%
 107  GB_GCA_035642975.1       8.56%    passed     99.95%
 108  GB_GCA_035651275.1      14.24%    passed     90.64%
 109  GB_GCA_035693385.1      37.07%    passed     83.06%
 110  GB_GCA_035716165.1      27.88%    passed     99.23%
 111  GB_GCA_035721065.1      29.13%    passed     85.92%
 112  GB_GCA_035996225.1      13.56%    passed    100.00%
 113  GB_GCA_036263935.1      27.30%    passed     86.16%
 114  GB_GCA_036265655.1      19.92%    passed     73.12%
 115  GB_GCA_036272035.1      21.84%    passed     97.22%
 116  GB_GCA_036273375.1       6.81%    passed     99.87%
 117  GB_GCA_036273805.1      45.08%    passed     93.54%
 118  GB_GCA_036338755.1       1.59%    passed     99.99%
 119  GB_GCA_036390735.1      14.73%    passed     99.89%
 120  GB_GCA_036495965.1      21.43%    passed     99.97%
 121  GB_GCA_036497495.1      36.24%    passed     98.96%
 122  GB_GCA_036500645.1      49.25%    passed     97.66%
 123  GB_GCA_036519055.1      44.26%    passed     93.03%
 124  GB_GCA_036558625.1      17.71%    passed     98.76%
 125  GB_GCA_036746615.1      47.18%    passed     80.62%
 126  GB_GCA_036782595.1      17.51%    passed     98.93%
 127  GB_GCA_037129875.1      26.99%    passed     94.95%
 128  GB_GCA_037138275.1      10.31%    passed     99.43%
 129  GB_GCA_037138615.1       3.18%    passed     98.23%
 130  GB_GCA_037140245.1      23.51%    passed     69.99%
 131  GB_GCA_037141465.1       5.36%    passed    100.00%
 132  GB_GCA_038244615.1       8.44%    passed     99.99%
 133  GB_GCA_039583405.1      20.83%    passed     98.24%
 134  GB_GCA_039922455.1      22.78%    passed     97.85%
 135  GB_GCA_039935195.1      20.65%    passed     98.81%
 136  GB_GCA_040391845.1      11.08%    passed     98.94%
 137  GB_GCA_040398865.1      12.21%    passed     99.99%
 138  GB_GCA_040398885.1      16.12%    passed     71.51%
 139  GB_GCA_040509115.1      24.60%    passed     95.78%
 140  GB_GCA_040511255.1      33.10%    passed     87.05%
 141  GB_GCA_040511335.1      42.61%    passed     70.87%
 142  GB_GCA_040512325.1      27.20%    passed     98.87%
 143  GB_GCA_040704635.1       3.55%    passed     99.98%
 144  GB_GCA_040752555.1       5.48%    passed     99.99%
 145  GB_GCA_041303695.1      28.79%    passed     99.72%
 146  GB_GCA_041303735.1      26.93%    passed     81.74%
 147  GB_GCA_900078375.1       2.62%    passed    100.00%
 148  GB_GCA_900078775.1       3.22%    passed    100.00%
 149  GB_GCA_900637135.1       2.05%    passed    100.00%
 150  GB_GCA_902826815.1       3.32%    passed    100.00%
 151  GB_GCA_903862565.1      15.09%    passed     99.95%
 152  GB_GCA_903877095.1       2.60%    passed    100.00%
 153  GB_GCA_903884065.1       4.09%    passed    100.00%
 154  GB_GCA_903927745.1       6.06%    passed     98.90%
 155  GB_GCA_903970215.1      10.31%    passed     98.83%
 156  GB_GCA_943331415.1      47.06%    passed     86.97%
 157  GB_GCA_945882475.1      12.35%    passed     99.99%
 158  GB_GCA_945897705.1      26.01%    passed     81.42%
 159  GB_GCA_964195655.1      39.26%    passed     90.77%
 160  GB_GCA_964202555.1       9.02%    passed     99.98%
 161  GB_GCA_964203005.1      12.91%    passed     98.80%
 162  RS_GCF_000069185.1       1.99%    passed     99.91%
 163  RS_GCF_000092225.1       1.49%    passed     99.46%
 164  RS_GCF_000157895.3       2.05%    passed     99.97%
 165  RS_GCF_000164135.1       3.14%    passed    100.00%
 166  RS_GCF_000195855.1       4.29%    passed     98.04%
 167  RS_GCF_000195955.2       2.07%    passed     98.02%
 168  RS_GCF_000230895.2       1.71%    passed    100.00%
 169  RS_GCF_000243415.2       2.32%    passed    100.00%
 170  RS_GCF_000266905.1       2.44%    passed    100.00%
 171  RS_GCF_000277125.1       1.71%    passed    100.00%
 172  RS_GCF_000312385.1       2.36%    passed     99.86%
 173  RS_GCF_000317305.3       2.60%    passed     99.95%
 174  RS_GCF_000328565.1       3.36%    passed    100.00%
 175  RS_GCF_000340435.2       2.22%    passed     99.99%
 176  RS_GCF_000373905.1       1.65%    passed    100.00%
 177  RS_GCF_000382405.1       2.54%    passed     99.99%
 178  RS_GCF_000426065.1       3.51%    passed     99.98%
 179  RS_GCF_000455125.1       2.18%    passed    100.00%
 180  RS_GCF_000455205.1       6.00%    passed     99.92%
 181  RS_GCF_000455325.1       3.00%    passed     99.47%
 182  RS_GCF_000526915.1       2.64%    passed    100.00%
 183  RS_GCF_000559085.1       2.54%    passed    100.00%
 184  RS_GCF_000612725.1       2.56%    passed     99.97%
 185  RS_GCF_000613185.1       2.14%    passed    100.00%
 186  RS_GCF_000613245.1       2.92%    passed    100.00%
 187  RS_GCF_000620625.1       1.71%    passed    100.00%
 188  RS_GCF_000689255.1       2.12%    passed    100.00%
 189  RS_GCF_000691525.1       1.65%    passed    100.00%
 190  RS_GCF_000723385.1       3.40%    passed     99.67%
 191  RS_GCF_000805385.1       2.70%    passed     99.96%
 192  RS_GCF_000975265.2       3.28%    passed     93.11%
 193  RS_GCF_001021385.1       1.75%    passed    100.00%
 194  RS_GCF_001044235.1       4.21%    passed    100.00%
 195  RS_GCF_001044255.1       1.95%    passed     99.99%
 196  RS_GCF_001050015.1       1.81%    passed     99.95%
 197  RS_GCF_001050035.1       1.87%    passed    100.00%
 198  RS_GCF_001053185.1       6.35%    passed    100.00%
 199  RS_GCF_001187505.1       1.55%    passed     99.99%
 200  RS_GCF_001245615.1       1.79%    passed    100.00%
 201  RS_GCF_001426545.1       2.42%    passed     99.80%
 202  RS_GCF_001428895.1       2.58%    passed    100.00%
 203  RS_GCF_001456355.1       2.07%    passed     99.83%
 204  RS_GCF_001457595.1       2.66%    passed     99.92%
 205  RS_GCF_001494595.1       2.46%    passed     99.91%
 206  RS_GCF_001499855.1       2.14%    passed    100.00%
 207  RS_GCF_001499905.1       2.07%    passed    100.00%
 208  RS_GCF_001499965.1       1.93%    passed    100.00%
 209  RS_GCF_001499995.1       2.01%    passed    100.00%
 210  RS_GCF_001500025.1       1.85%    passed    100.00%
 211  RS_GCF_001500045.1       2.14%    passed    100.00%
 212  RS_GCF_001500065.1       2.20%    passed    100.00%
 213  RS_GCF_001500125.1       1.91%    passed    100.00%
 214  RS_GCF_001545925.1       4.09%    passed     99.83%
 215  RS_GCF_001552715.1       2.24%    passed     99.99%
 216  RS_GCF_001570425.1       3.30%    passed    100.00%
 217  RS_GCF_001570485.1       2.08%    passed    100.00%
 218  RS_GCF_001575205.1       2.36%    passed     99.27%
 219  RS_GCF_001583415.1       1.65%    passed     99.95%
 220  RS_GCF_001605725.1       1.95%    passed     99.81%
 221  RS_GCF_001632805.1       2.80%    passed     99.84%
 222  RS_GCF_001644575.1       2.38%    passed    100.00%
 223  RS_GCF_001650495.1       3.32%    passed    100.00%
 224  RS_GCF_001665395.1       2.16%    passed    100.00%
 225  RS_GCF_001665535.1       2.10%    passed    100.00%
 226  RS_GCF_001665575.1       8.30%    passed     99.99%
 227  RS_GCF_001665625.1       3.89%    passed     99.93%
 228  RS_GCF_001665685.1       2.44%    passed     99.99%
 229  RS_GCF_001665785.1       2.80%    passed     99.98%
 230  RS_GCF_001665835.1       1.71%    passed    100.00%
 231  RS_GCF_001665875.1       1.81%    passed    100.00%
 232  RS_GCF_001666755.1       2.88%    passed    100.00%
 233  RS_GCF_001666835.1       2.52%    passed    100.00%
 234  RS_GCF_001667015.1       3.67%    passed    100.00%
 235  RS_GCF_001667035.1       2.38%    passed     99.99%
 236  RS_GCF_001667075.1       1.65%    passed    100.00%
 237  RS_GCF_001667115.1       4.71%    passed     99.99%
 238  RS_GCF_001667145.1       1.65%    passed    100.00%
 239  RS_GCF_001667185.1       3.46%    passed    100.00%
 240  RS_GCF_001667265.1       1.77%    passed    100.00%
 241  RS_GCF_001667275.1       1.69%    passed    100.00%
 242  RS_GCF_001667315.1       1.63%    passed    100.00%
 243  RS_GCF_001667375.1       2.88%    passed     99.65%
 244  RS_GCF_001667505.1       1.63%    passed    100.00%
 245  RS_GCF_001667585.1       2.07%    passed    100.00%
 246  RS_GCF_001667665.1       2.34%    passed    100.00%
 247  RS_GCF_001667735.1       2.08%    passed    100.00%
 248  RS_GCF_001667775.1       2.42%    passed    100.00%
 249  RS_GCF_001667865.1       1.61%    passed     99.99%
 250  RS_GCF_001667885.1       3.30%    passed     99.98%
 251  RS_GCF_001667925.1       2.08%    passed    100.00%
 252  RS_GCF_001667945.1       2.42%    passed     99.90%
 253  RS_GCF_001668575.1       1.95%    passed    100.00%
 254  RS_GCF_001668615.1       4.98%    passed    100.00%
 255  RS_GCF_001668625.1       2.40%    passed     99.10%
 256  RS_GCF_001668675.1       3.71%    passed    100.00%
 257  RS_GCF_001668725.1       3.46%    passed     99.99%
 258  RS_GCF_001672755.1       2.88%    passed    100.00%
 259  RS_GCF_001672775.1       2.78%    passed    100.00%
 260  RS_GCF_001672815.1       3.02%    passed    100.00%
 261  RS_GCF_001672895.1       2.90%    passed     99.99%
 262  RS_GCF_001672915.1       5.22%    passed    100.00%
 263  RS_GCF_001672975.1       2.96%    passed    100.00%
 264  RS_GCF_001673155.1       6.67%    passed     99.99%
 265  RS_GCF_001673315.1       3.57%    passed    100.00%
 266  RS_GCF_001673365.1       3.51%    passed    100.00%
 267  RS_GCF_001673405.1       1.85%    passed    100.00%
 268  RS_GCF_001673535.1       2.40%    passed    100.00%
 269  RS_GCF_001673555.1       5.38%    passed    100.00%
 270  RS_GCF_001673565.1       1.93%    passed     99.97%
 271  RS_GCF_001673575.1       2.08%    passed     99.99%
 272  RS_GCF_001673635.1       1.93%    passed    100.00%
 273  RS_GCF_001905655.1       3.22%    passed     99.69%
 274  RS_GCF_001907675.1       2.52%    passed    100.00%
 275  RS_GCF_001942625.1       2.64%    passed     99.84%
 276  RS_GCF_001953975.1       1.71%    passed    100.00%
 277  RS_GCF_001953985.1       1.67%    passed    100.00%
 278  RS_GCF_001954135.1       3.65%    passed     99.99%
 279  RS_GCF_001954195.1       1.79%    passed    100.00%
 280  RS_GCF_001954275.1       1.85%    passed    100.00%
 281  RS_GCF_001984215.1       4.59%    passed    100.00%
 282  RS_GCF_002013375.1       1.83%    passed     99.72%
 283  RS_GCF_002013895.1       2.01%    passed     99.84%
 284  RS_GCF_002043095.1       2.44%    passed     99.95%
 285  RS_GCF_002086115.1       1.41%    passed    100.00%
 286  RS_GCF_002086125.1       2.40%    passed    100.00%
 287  RS_GCF_002086275.1       3.85%    passed    100.00%
 288  RS_GCF_002086285.1       2.08%    passed     99.93%
 289  RS_GCF_002086455.1       2.22%    passed     99.98%
 290  RS_GCF_002086485.1       2.03%    passed     99.96%
 291  RS_GCF_002086515.1       1.77%    passed    100.00%
 292  RS_GCF_002086635.1       3.51%    passed     99.85%
 293  RS_GCF_002086675.1       1.97%    passed     99.91%
 294  RS_GCF_002086695.1       3.30%    passed    100.00%
 295  RS_GCF_002086735.1       1.49%    passed    100.00%
 296  RS_GCF_002086795.1       2.58%    passed    100.00%
 297  RS_GCF_002086815.1       1.73%    passed     99.98%
 298  RS_GCF_002101555.1       2.42%    passed    100.00%
 299  RS_GCF_002101585.1       1.77%    passed     99.70%
 300  RS_GCF_002101595.1       2.22%    passed    100.00%
 301  RS_GCF_002101675.1       4.13%    passed    100.00%
 302  RS_GCF_002101705.1       1.83%    passed    100.00%
 303  RS_GCF_002101735.1       2.03%    passed    100.00%
 304  RS_GCF_002101775.1       1.75%    passed     99.99%
 305  RS_GCF_002101785.1       2.08%    passed    100.00%
 306  RS_GCF_002101815.1       1.59%    passed    100.00%
 307  RS_GCF_002101885.1       2.24%    passed     99.91%
 308  RS_GCF_002101965.1       2.76%    passed    100.00%
 309  RS_GCF_002102155.1       1.75%    passed    100.00%
 310  RS_GCF_002102175.1       1.87%    passed     99.89%
 311  RS_GCF_002102185.1       1.85%    passed     99.97%
 312  RS_GCF_002102255.1       1.55%    passed    100.00%
 313  RS_GCF_002102265.1       2.74%    passed     99.97%
 314  RS_GCF_002102345.1       2.56%    passed     99.95%
 315  RS_GCF_002102355.1       2.62%    passed    100.00%
 316  RS_GCF_002102395.1       1.89%    passed     99.97%
 317  RS_GCF_002104765.1       3.47%    passed     99.99%
 318  RS_GCF_002104795.1       2.01%    passed     86.65%
 319  RS_GCF_002105755.1       4.71%    passed    100.00%
 320  RS_GCF_002116635.1       1.81%    passed    100.00%
 321  RS_GCF_002157835.1       2.54%    passed     99.98%
 322  RS_GCF_002245535.1       1.93%    passed    100.00%
 323  RS_GCF_002250655.1       1.71%    passed    100.00%
 324  RS_GCF_002356315.1       1.79%    passed    100.00%
 325  RS_GCF_002356335.1       1.91%    passed     99.91%
 326  RS_GCF_002553505.1       2.72%    passed     99.99%
 327  RS_GCF_002591975.1       1.73%    passed    100.00%
 328  RS_GCF_002592005.1       2.50%    passed    100.00%
 329  RS_GCF_002705925.1       2.07%    passed     99.49%
 330  RS_GCF_002723835.1       2.40%    passed    100.00%
 331  RS_GCF_002838065.1       2.36%    passed    100.00%
 332  RS_GCF_002863225.1       1.85%    passed    100.00%
 333  RS_GCF_002887815.1       1.67%    passed    100.00%
 334  RS_GCF_002968285.2       1.65%    passed     99.96%
 335  RS_GCF_002968295.1       3.16%    passed     99.98%
 336  RS_GCF_002968335.2       2.14%    passed    100.00%
 337  RS_GCF_003201655.1       1.57%    passed     99.99%
 338  RS_GCF_003254575.1       3.51%    passed    100.00%
 339  RS_GCF_003284925.1       5.98%    passed    100.00%
 340  RS_GCF_003284935.1       4.05%    passed    100.00%
 341  RS_GCF_003284965.1       1.79%    passed    100.00%
 342  RS_GCF_003284975.1       4.23%    passed    100.00%
 343  RS_GCF_003391395.1       2.70%    passed     99.99%
 344  RS_GCF_003402475.1       1.99%    passed    100.00%
 345  RS_GCF_003408705.1       5.10%    passed     90.73%
 346  RS_GCF_003614435.1       1.87%    passed    100.00%
 347  RS_GCF_003719305.1       2.38%    passed    100.00%
 348  RS_GCF_003855255.1       1.95%    passed     99.98%
 349  RS_GCF_004014805.1       1.89%    passed     99.97%
 350  RS_GCF_004298145.1       2.56%    passed    100.00%
 351  RS_GCF_004362315.1       2.72%    passed    100.00%
 352  RS_GCF_004570325.1       1.83%    passed    100.00%
 353  RS_GCF_004745805.1       1.77%    passed    100.00%
 354  RS_GCF_004762045.1       2.62%    passed     99.99%
 355  RS_GCF_004924335.1       1.83%    passed     99.28%
 356  RS_GCF_005222675.1       1.79%    passed    100.00%
 357  RS_GCF_005670685.2       2.14%    passed     99.74%
 358  RS_GCF_006439015.1       1.73%    passed    100.00%
 359  RS_GCF_006864685.1       2.46%    passed     99.96%
 360  RS_GCF_007096635.1       1.75%    passed     99.98%
 361  RS_GCF_007714205.1       2.50%    passed     99.71%
 362  RS_GCF_007858435.1       1.61%    passed     98.37%
 363  RS_GCF_007858445.1       1.59%    passed     87.95%
 364  RS_GCF_007858475.1       6.49%    passed     76.53%
 365  RS_GCF_008329535.1       1.73%    passed     99.98%
 366  RS_GCF_008329565.1       1.81%    passed    100.00%
 367  RS_GCF_008329585.1       1.81%    passed    100.00%
 368  RS_GCF_008329605.1       1.63%    passed     99.97%
 369  RS_GCF_008329645.1       1.65%    passed    100.00%
 370  RS_GCF_008329905.1       3.04%    passed    100.00%
 371  RS_GCF_008370645.1       4.09%    passed     99.83%
 372  RS_GCF_008709575.1       5.76%    passed     98.91%
 373  RS_GCF_009729075.1       1.17%    passed     99.84%
 374  RS_GCF_009729095.1       2.14%    passed     99.99%
 375  RS_GCF_009729205.1       2.16%    passed     99.95%
 376  RS_GCF_009729415.1       1.49%    passed     99.99%
 377  RS_GCF_009741445.1       1.67%    passed    100.00%
 378  RS_GCF_009936235.1       4.94%    passed     99.55%
 379  RS_GCF_010723305.1       3.44%    passed     85.28%
 380  RS_GCF_010723575.1       1.97%    passed    100.00%
 381  RS_GCF_010725485.1       1.77%    passed     99.99%
 382  RS_GCF_010725725.1       1.65%    passed    100.00%
 383  RS_GCF_010725885.1       1.63%    passed    100.00%
 384  RS_GCF_010726085.1       3.42%    passed    100.00%
 385  RS_GCF_010726245.1       2.46%    passed    100.00%
 386  RS_GCF_010726645.1       2.42%    passed    100.00%
 387  RS_GCF_010726765.1       1.67%    passed    100.00%
 388  RS_GCF_010726955.1       2.78%    passed    100.00%
 389  RS_GCF_010727125.1       2.72%    passed     99.94%
 390  RS_GCF_010727325.1       5.30%    passed     99.95%
 391  RS_GCF_010727475.1       3.59%    passed    100.00%
 392  RS_GCF_010727605.1       2.72%    passed    100.00%
 393  RS_GCF_010727945.1       2.72%    passed     99.96%
 394  RS_GCF_010728155.1       4.19%    passed    100.00%
 395  RS_GCF_010728325.1       1.87%    passed    100.00%
 396  RS_GCF_010728725.1       2.10%    passed    100.00%
 397  RS_GCF_010728925.1       1.73%    passed    100.00%
 398  RS_GCF_010729105.1       1.71%    passed     99.97%
 399  RS_GCF_010729305.1       2.46%    passed    100.00%
 400  RS_GCF_010729485.1       3.38%    passed     99.93%
 401  RS_GCF_010729665.1       5.14%    passed     99.95%
 402  RS_GCF_010729895.1       1.79%    passed    100.00%
 403  RS_GCF_010730055.1       2.12%    passed     99.85%
 404  RS_GCF_010730195.1       2.20%    passed     99.99%
 405  RS_GCF_010730355.1       1.83%    passed    100.00%
 406  RS_GCF_010730575.1       3.38%    passed     99.98%
 407  RS_GCF_010730745.1       1.79%    passed     99.97%
 408  RS_GCF_010730955.1       2.08%    passed     99.96%
 409  RS_GCF_010731115.1       2.94%    passed     99.86%
 410  RS_GCF_010731295.1       2.72%    passed     99.98%
 411  RS_GCF_010731535.1       2.30%    passed     99.63%
 412  RS_GCF_010731575.1       1.83%    passed    100.00%
 413  RS_GCF_010731595.1       1.79%    passed    100.00%
 414  RS_GCF_010731615.1       2.24%    passed    100.00%
 415  RS_GCF_010731635.1       1.69%    passed    100.00%
 416  RS_GCF_010731655.1       1.73%    passed    100.00%
 417  RS_GCF_010731675.1       2.50%    passed    100.00%
 418  RS_GCF_010731695.1       3.40%    passed    100.00%
 419  RS_GCF_010731715.1       1.69%    passed    100.00%
 420  RS_GCF_010731755.1       1.95%    passed    100.00%
 421  RS_GCF_010731775.1       1.61%    passed     99.99%
 422  RS_GCF_010731795.1       2.10%    passed    100.00%
 423  RS_GCF_010731815.2       4.11%    passed     99.99%
 424  RS_GCF_010731855.1       2.38%    passed    100.00%
 425  RS_GCF_010731875.1       1.75%    passed    100.00%
 426  RS_GCF_010731895.1       2.46%    passed    100.00%
 427  RS_GCF_011620645.1       1.93%    passed    100.00%
 428  RS_GCF_011694515.1       1.69%    passed     99.99%
 429  RS_GCF_011745145.1       1.93%    passed     99.89%
 430  RS_GCF_011758805.1       2.24%    passed     99.97%
 431  RS_GCF_012396015.1       1.95%    passed     97.48%
 432  RS_GCF_013337765.1       1.63%    passed    100.00%
 433  RS_GCF_013404075.1       1.73%    passed    100.00%
 434  RS_GCF_013449725.1       2.16%    passed     99.53%
 435  RS_GCF_013466425.1       1.87%    passed    100.00%
 436  RS_GCF_014190915.1       1.75%    passed    100.00%
 437  RS_GCF_014202335.1       4.11%    passed     99.93%
 438  RS_GCF_014218295.1       1.93%    passed    100.00%
 439  RS_GCF_014873705.1       1.89%    passed    100.00%
 440  RS_GCF_015689175.1       1.83%    passed     99.99%
 441  RS_GCF_015710575.1       1.57%    passed    100.00%
 442  RS_GCF_016313185.1       1.69%    passed    100.00%
 443  RS_GCF_016462545.1       4.71%    passed     99.99%
 444  RS_GCF_016462945.1      10.39%    passed     99.14%
 445  RS_GCF_016592155.1       3.16%    passed     95.67%
 446  RS_GCF_016767715.1       1.85%    passed     99.94%
 447  RS_GCF_017086405.1       1.73%    passed    100.00%
 448  RS_GCF_017312405.1       2.46%    passed    100.00%
 449  RS_GCF_017352375.1       2.44%    passed     99.97%
 450  RS_GCF_017853185.1      12.77%    passed     99.71%
 451  RS_GCF_017876775.1       1.79%    passed     99.92%
 452  RS_GCF_018278905.1       2.10%    passed     99.72%
 453  RS_GCF_018326285.1       2.14%    passed     99.85%
 454  RS_GCF_018361265.1       2.84%    passed     81.39%
 455  RS_GCF_018455725.1       2.07%    passed     99.91%
 456  RS_GCF_019050325.1       3.22%    passed     99.99%
 457  RS_GCF_019243155.1      18.01%    passed     99.80%
 458  RS_GCF_019247615.1      10.33%    passed     99.76%
 459  RS_GCF_019247635.1       5.54%    passed     99.97%
 460  RS_GCF_019456655.1       1.93%    passed     99.99%
 461  RS_GCF_019645815.1       2.12%    passed     99.95%
 462  RS_GCF_019645835.1       1.99%    passed     99.95%
 463  RS_GCF_019645855.1       1.79%    passed     99.91%
 464  RS_GCF_019668465.1       3.38%    passed     99.99%
 465  RS_GCF_019710635.1       2.03%    passed    100.00%
 466  RS_GCF_020169415.1       2.60%    passed     99.69%
 467  RS_GCF_020172685.2       5.90%    passed     99.99%
 468  RS_GCF_020181595.2       2.24%    passed     99.98%
 469  RS_GCF_020181615.2       3.38%    passed    100.00%
 470  RS_GCF_020181635.2       2.12%    passed     99.96%
 471  RS_GCF_020217485.1       1.65%    passed    100.00%
 472  RS_GCF_020637165.1       3.69%    passed    100.00%
 473  RS_GCF_021213805.1       1.77%    passed     91.23%
 474  RS_GCF_021916785.1       1.87%    passed    100.00%
 475  RS_GCF_022179545.1       1.97%    passed     99.92%
 476  RS_GCF_022317005.1       1.75%    passed    100.00%
 477  RS_GCF_022348085.1       1.63%    passed    100.00%
 478  RS_GCF_022370635.2       1.63%    passed    100.00%
 479  RS_GCF_022370755.2       2.58%    passed     99.84%
 480  RS_GCF_022370835.2       2.10%    passed     67.96%
 481  RS_GCF_022374875.2       2.66%    passed     99.81%
 482  RS_GCF_022374895.2       1.89%    passed    100.00%
 483  RS_GCF_022374935.2       1.75%    passed    100.00%
 484  RS_GCF_022430545.2       2.38%    passed    100.00%
 485  RS_GCF_022557175.1       2.82%    passed     99.99%
 486  RS_GCF_022760805.1       2.01%    passed    100.00%
 487  RS_GCF_023168325.1      11.18%    passed     48.81%
 488  RS_GCF_024320865.1       1.67%    passed    100.00%
 489  RS_GCF_024807615.1       1.51%    passed     98.70%
 490  RS_GCF_025215495.1       1.75%    passed     99.99%
 491  RS_GCF_025263265.1       2.16%    passed    100.00%
 492  RS_GCF_025263485.1       1.67%    passed    100.00%
 493  RS_GCF_025263565.1       4.15%    passed    100.00%
 494  RS_GCF_025331195.1       1.43%    passed     99.78%
 495  RS_GCF_025345615.1       1.85%    passed    100.00%
 496  RS_GCF_025821585.1       4.23%    passed    100.00%
 497  RS_GCF_025821625.1       3.71%    passed    100.00%
 498  RS_GCF_025822145.1       1.77%    passed    100.00%
 499  RS_GCF_025822245.1       2.58%    passed     99.90%
 500  RS_GCF_025822405.1       1.77%    passed    100.00%
 501  RS_GCF_025822605.1       2.66%    passed    100.00%
 502  RS_GCF_025822705.1       2.07%    passed     99.99%
 503  RS_GCF_025822765.1       2.12%    passed    100.00%
 504  RS_GCF_025822865.1       1.61%    passed    100.00%
 505  RS_GCF_025822885.1       2.76%    passed     99.99%
 506  RS_GCF_025822985.1       2.56%    passed     99.98%
 507  RS_GCF_025823105.1       2.72%    passed    100.00%
 508  RS_GCF_025823185.1       3.14%    passed     99.98%
 509  RS_GCF_025823255.1       1.81%    passed    100.00%
 510  RS_GCF_025933915.1       5.64%    passed    100.00%
 511  RS_GCF_025965855.1      12.79%    passed     99.95%
 512  RS_GCF_025965975.1      16.88%    passed     99.82%
 513  RS_GCF_026240945.1       1.23%    passed    100.00%
 514  RS_GCF_026242035.1       1.91%    passed    100.00%
 515  RS_GCF_026625985.1       1.99%    passed    100.00%
 516  RS_GCF_026723865.1       1.79%    passed    100.00%
 517  RS_GCF_027706845.1       1.61%    passed    100.00%
 518  RS_GCF_029167375.1       5.56%    passed     99.38%
 519  RS_GCF_029623955.1       4.21%    passed    100.00%
 520  RS_GCF_029892685.1       1.35%    passed     99.99%
 521  RS_GCF_029893345.1       2.66%    passed     99.86%
 522  RS_GCF_029961025.1       3.73%    passed     50.59%
 523  RS_GCF_030209435.1       2.94%    passed     99.57%
 524  RS_GCF_030252325.1       1.47%    passed     99.98%
 525  RS_GCF_030295745.1       1.87%    passed    100.00%
 526  RS_GCF_030486405.1       1.91%    passed     99.99%
 527  RS_GCF_030499155.1       1.47%    passed    100.00%
 528  RS_GCF_030519285.1       2.76%    passed    100.00%
 529  RS_GCF_030755175.1       1.87%    passed    100.00%
 530  RS_GCF_031583025.1       1.99%    passed    100.00%
 531  RS_GCF_032117575.1      16.24%    passed    100.00%
 532  RS_GCF_032883035.1       2.74%    passed     99.99%
 533  RS_GCF_033741125.1       3.06%    passed     99.96%
 534  RS_GCF_033741155.1       2.40%    passed    100.00%
 535  RS_GCF_033741175.1       3.71%    passed    100.00%
 536  RS_GCF_033804465.1       1.69%    passed    100.00%
 537  RS_GCF_033804605.1       2.14%    passed     99.98%
 538  RS_GCF_033804635.1       2.86%    passed     99.99%
 539  RS_GCF_035274705.1       2.28%    passed     99.99%
 540  RS_GCF_035314665.1      10.98%    passed     99.99%
 541  RS_GCF_035314905.1      11.80%    passed     99.38%
 542  RS_GCF_035491595.1      11.36%    passed     99.93%
 543  RS_GCF_035499775.1       8.86%    passed     99.52%
 544  RS_GCF_035506235.1      11.48%    passed     97.47%
 545  RS_GCF_035515675.1       8.04%    passed     99.81%
 546  RS_GCF_035570115.1       4.75%    passed    100.00%
 547  RS_GCF_035603715.1      28.08%    passed     90.42%
 548  RS_GCF_035616495.1       1.95%    passed     99.99%
 549  RS_GCF_035617725.1       1.59%    passed    100.00%
 550  RS_GCF_035623875.1       9.87%    passed     99.99%
 551  RS_GCF_035640695.1       5.70%    passed     99.99%
 552  RS_GCF_035649695.1      19.20%    passed     88.17%
 553  RS_GCF_035653355.1      21.98%    passed    100.00%
 554  RS_GCF_035697385.1       5.78%    passed     99.85%
 555  RS_GCF_035918395.1       3.10%    passed    100.00%
 556  RS_GCF_036023875.1       1.69%    passed    100.00%
 557  RS_GCF_036235365.1       1.91%    passed     99.99%
 558  RS_GCF_036409085.1       2.62%    passed    100.00%
 559  RS_GCF_036409155.1       1.91%    passed    100.00%
 560  RS_GCF_036488105.1      20.19%    passed     99.54%
 561  RS_GCF_036490025.1      11.89%    passed     99.91%
 562  RS_GCF_036946495.1       1.65%    passed     99.96%
 563  RS_GCF_036946525.1      10.70%    passed     99.81%
 564  RS_GCF_039023525.1       3.32%    passed    100.00%
 565  RS_GCF_039525985.1       1.41%    passed     91.94%
 566  RS_GCF_039541155.1       3.34%    passed     99.28%
 567  RS_GCF_039583785.1       1.97%    passed    100.00%
 568  RS_GCF_039583805.1       3.83%    passed     83.87%
 569  RS_GCF_039729195.1       1.47%    passed    100.00%
 570  RS_GCF_039871645.1       2.80%    passed    100.00%
 571  RS_GCF_040611135.1       2.48%    passed     99.18%
 572  RS_GCF_040614235.1       2.46%    passed     99.97%
 573  RS_GCF_040655355.1       2.56%    passed     99.94%
 574  RS_GCF_040674075.1       1.87%    passed    100.00%
 575  RS_GCF_041206865.1       5.82%    passed     99.96%
 576  RS_GCF_041261665.1       1.73%    passed    100.00%
 577  RS_GCF_041287095.1       2.16%    passed     99.32%
 578  RS_GCF_041287115.1       1.79%    passed    100.00%
 579  RS_GCF_041287165.1       1.81%    passed    100.00%
 580  RS_GCF_041287235.1       3.36%    passed    100.00%
 581  RS_GCF_900078675.2      14.67%    passed     99.96%
 582  RS_GCF_900078685.2       5.88%    passed     99.98%
 583  RS_GCF_900103175.1       2.32%    passed     99.47%
 584  RS_GCF_900104775.1       3.22%    passed     97.77%
 585  RS_GCF_900108565.1       2.44%    passed     99.94%
 586  RS_GCF_900157365.1       2.72%    passed    100.00%
 587  RS_GCF_900157375.1       2.20%    passed     99.99%
 588  RS_GCF_900157385.1       1.55%    passed    100.00%
 589  RS_GCF_900176255.2       2.64%    passed    100.00%
 590  RS_GCF_900187065.1       2.14%    passed     99.44%
 591  RS_GCF_900232995.1       2.22%    passed    100.00%
 592  RS_GCF_900240945.1       3.47%    passed     99.91%
 593  RS_GCF_900240975.1       2.86%    passed    100.00%
 594  RS_GCF_900292015.1       1.77%    passed    100.00%
 595  RS_GCF_900454025.1       4.15%    passed     99.97%
 596  RS_GCF_900566055.1       3.04%    passed     99.38%
 597  RS_GCF_900566075.1       2.38%    passed     99.90%
 598  RS_GCF_900566085.1       2.08%    passed     99.27%
 599  RS_GCF_900603025.1       1.87%    passed     99.38%
 600  RS_GCF_900631615.1       2.48%    passed     98.29%
 601  RS_GCF_900637195.1       1.79%    passed     99.99%
 602  RS_GCF_900637205.1       2.26%    passed    100.00%
 603  RS_GCF_902168065.1       4.01%    passed     99.99%
 604  RS_GCF_902652685.1       1.67%    passed    100.00%
 605  RS_GCF_902705885.1       1.89%    passed    100.00%
 606  RS_GCF_910591625.1       2.03%    passed     99.97%
 607  RS_GCF_937941905.1       2.72%    passed     79.36%
 608  RS_GCF_943913955.1       8.90%    passed    100.00%
 609  RS_GCF_945957405.1      15.85%    passed     99.98%
 610  RS_GCF_963378075.1       1.81%    passed     99.94%
 611  RS_GCF_963378085.1       2.07%    passed    100.00%
 612  RS_GCF_963378095.1       2.90%    passed    100.00%
 613  RS_GCF_963378105.1       1.83%    passed     99.99%
 614  RS_GCF_963853645.1       2.05%    passed     99.99%
 615  RS_GCF_963853665.1       2.28%    passed     99.87%
 616  RS_GCF_964000695.1       8.52%    passed     99.96%
 617  spire_mag_00036704.fa   15.05%    passed     99.26%
 618  spire_mag_00036881.fa   16.00%    passed     97.39%
 619  spire_mag_00079100.fa    7.47%    passed     99.82%
 620  spire_mag_00080611.fa   12.65%    passed     99.93%
 621  spire_mag_00138007.fa   11.76%    passed     99.99%
 622  spire_mag_00138052.fa   18.07%    passed     97.09%
 623  spire_mag_00139887.fa   12.03%    passed    100.00%
 624  spire_mag_00142179.fa    8.34%    passed     99.99%
 625  spire_mag_00143021.fa   13.15%    passed     99.97%
 626  spire_mag_00184606.fa   11.85%    passed     99.83%
 627  spire_mag_00186517.fa   14.71%    passed     60.79%
 628  spire_mag_00193483.fa   18.45%    passed     99.94%
 629  spire_mag_00487317.fa    9.19%    passed     99.44%
 630  spire_mag_00488916.fa   22.88%    passed     99.99%
 631  spire_mag_00490038.fa   13.40%    passed     99.98%
 632  spire_mag_00492514.fa    7.41%    passed    100.00%
 633  spire_mag_00493620.fa    4.75%    passed    100.00%
 634  spire_mag_00518952.fa   23.47%    passed     99.49%
 635  spire_mag_00518991.fa   10.74%    passed     97.52%
 636  spire_mag_00549465.fa    4.61%    passed    100.00%
 637  spire_mag_00560387.fa    9.89%    passed     99.90%
 638  spire_mag_00670601.fa    4.35%    passed     99.90%
 639  spire_mag_00671068.fa    8.60%    passed     97.76%
 640  spire_mag_00688177.fa   18.53%    passed     91.27%
 641  spire_mag_00688367.fa   11.48%    passed     98.65%
 642  spire_mag_00691761.fa    4.57%    passed     99.99%
 643  spire_mag_00709062.fa    3.63%    passed     99.71%
 644  spire_mag_00709072.fa    6.14%    passed     99.96%
 645  spire_mag_00709104.fa   11.58%    passed     98.92%
 646  spire_mag_00709154.fa    5.88%    passed     99.96%
 647  spire_mag_00709164.fa    6.10%    passed     99.63%
 648  spire_mag_00709178.fa    7.74%    passed     99.98%
 649  spire_mag_00709327.fa    7.61%    passed     99.75%
 650  spire_mag_00709337.fa   20.75%    passed     40.05%
 651  spire_mag_00709371.fa    8.92%    passed     98.49%
 652  spire_mag_00709385.fa    6.20%    passed    100.00%
 653  spire_mag_00709550.fa    4.57%    passed     99.55%
 654  spire_mag_00709551.fa    2.62%    passed    100.00%
 655  spire_mag_00825292.fa    3.85%    passed    100.00%
 656  spire_mag_00825461.fa   10.44%    passed     99.99%
 657  spire_mag_00841652.fa   10.50%    passed     99.97%
 658  spire_mag_00863569.fa    5.74%    passed     99.77%
 659  spire_mag_00864073.fa    9.85%    passed     99.90%
 660  spire_mag_00866183.fa   10.41%    passed     99.25%
 661  spire_mag_00866324.fa    7.92%    passed     99.83%
 662  spire_mag_00866583.fa    9.81%    passed     99.99%
 663  spire_mag_00868143.fa    6.25%    passed     99.76%
 664  spire_mag_00869002.fa    8.94%    passed     99.98%
 665  spire_mag_00871125.fa    7.29%    passed     99.88%
 666  spire_mag_00873124.fa    7.27%    passed     99.83%
 667  spire_mag_00873789.fa    8.04%    passed     99.81%
 668  spire_mag_00874085.fa    6.33%    passed     99.98%
 669  spire_mag_00874229.fa    5.58%    passed     99.97%
 670  spire_mag_00874439.fa    5.42%    passed     99.79%
 671  spire_mag_00877932.fa    8.10%    passed     99.97%
 672  spire_mag_00907130.fa   10.09%    passed     98.00%
 673  spire_mag_00907393.fa    7.61%    passed     99.78%
 674  spire_mag_00975328.fa   19.88%    passed     98.60%
 675  spire_mag_01040802.fa   12.39%    passed     99.99%
 676  spire_mag_01040852.fa    3.20%    passed     99.99%
 677  spire_mag_01041225.fa    6.10%    passed    100.00%
 678  spire_mag_01041266.fa    3.04%    passed     99.99%
 679  spire_mag_01041320.fa    7.78%    passed    100.00%
 680  spire_mag_01093898.fa    5.70%    passed     97.75%
 681  spire_mag_01094475.fa    5.86%    passed    100.00%
 682  spire_mag_01094744.fa   14.75%    passed     99.81%
 683  spire_mag_01100050.fa   23.79%    passed     99.46%
 684  spire_mag_01104521.fa   17.30%    passed     99.96%
 685  spire_mag_01104972.fa   13.84%    passed     99.96%
 686  spire_mag_01107416.fa   19.50%    passed     93.07%
 687  spire_mag_01108461.fa   17.65%    passed     99.98%
 688  spire_mag_01108626.fa   12.45%    passed     99.94%
 689  spire_mag_01108952.fa   15.35%    passed     99.95%
 690  spire_mag_01111439.fa    9.45%    passed    100.00%
 691  spire_mag_01112215.fa   19.04%    passed     99.55%
 692  spire_mag_01112767.fa    9.61%    passed    100.00%
 693  spire_mag_01112928.fa    8.78%    passed     99.93%
 694  spire_mag_01117712.fa   15.67%    passed     99.48%
 695  spire_mag_01124179.fa    7.84%    passed    100.00%
 696  spire_mag_01168129.fa    6.24%    passed     99.69%
 697  spire_mag_01168185.fa    9.97%    passed     99.85%
 698  spire_mag_01188968.fa    8.78%    passed     99.94%
 699  spire_mag_01196294.fa    7.68%    passed     99.95%
 700  spire_mag_01196792.fa    2.66%    passed    100.00%
 701  spire_mag_01197245.fa   14.06%    passed     99.54%
 702  spire_mag_01197568.fa    3.49%    passed    100.00%
 703  spire_mag_01198798.fa    5.78%    passed     99.81%
 704  spire_mag_01199727.fa    9.97%    passed    100.00%
 705  spire_mag_01203432.fa    5.54%    passed     99.99%
 706  spire_mag_01244826.fa    4.09%    passed    100.00%
 707  spire_mag_01276921.fa    4.73%    passed     99.99%
 708  spire_mag_01485026.fa   10.09%    passed     99.73%
 709  spire_mag_01583196.fa   16.50%    passed     94.32%
 710  spire_mag_01584542.fa    6.27%    passed     99.98%
 711  spire_mag_01585204.fa   23.55%    passed     92.98%
 712  spire_mag_01585398.fa    6.04%    passed     98.81%
 713  spire_mag_01585481.fa    8.62%    passed     98.09%
 714  spire_mag_01585638.fa   21.11%    passed     86.19%
 715  spire_mag_01585658.fa    6.89%    passed     99.97%
 716  spire_mag_01585792.fa    9.21%    passed     99.13%
 717  spire_mag_01586359.fa   12.65%    passed     98.52%
 718  spire_mag_01586430.fa    8.12%    passed     99.49%
 719  spire_mag_01586464.fa    9.39%    passed     99.69%
 720  spire_mag_01586492.fa    4.75%    passed     99.93%
 721  spire_mag_01586672.fa    9.55%    passed     99.91%
 722  spire_mag_01586673.fa    8.96%    passed     98.77%
 723  spire_mag_01599223.fa   11.28%    passed     98.13%
 724  spire_mag_01603410.fa    6.71%    passed     99.96%
 725  spire_mag_01603564.fa   16.44%    passed     96.78%
 726  spire_mag_01603633.fa    6.93%    passed     99.77%
 727  spire_mag_01619133.fa    7.25%    passed     99.92%
 728  spire_mag_01619766.fa   16.74%    passed     90.86%
 729  spire_mag_01620236.fa   13.60%    passed     99.87%
 730  spire_mag_01620338.fa   21.96%    passed     99.57%
 731  spire_mag_01620411.fa   10.03%    passed     99.98%
 732  spire_mag_01621671.fa   10.21%    passed    100.00%
 733  spire_mag_01623019.fa   10.41%    passed     99.73%
 734  spire_mag_01623819.fa    6.85%    passed     99.82%
 735  spire_mag_01632252.fa   16.90%    passed     99.71%
 736  spire_mag_01662118.fa   12.27%    passed    100.00%
 737  spire_mag_01663809.fa   10.56%    passed    100.00%
 738  spire_mag_01664230.fa    9.81%    passed    100.00%
 739  spire_mag_01677777.fa   10.37%    passed     99.65%
 740  spire_mag_01678249.fa    7.72%    passed     99.58%
 741  spire_mag_01678280.fa   21.21%    passed     99.99%
 742  spire_mag_01679848.fa    5.14%    passed     99.98%
 743  spire_mag_01680964.fa    5.24%    passed     99.99%
 744  spire_mag_01681793.fa   12.05%    passed     99.96%
 745  spire_mag_01681850.fa    6.27%    passed     99.85%
 746  spire_mag_01682165.fa   15.98%    passed     97.43%
 747  spire_mag_01682807.fa    8.16%    passed     99.98%
 748  spire_mag_01733397.fa    6.04%    passed    100.00%
 749  spire_mag_01733412.fa    4.37%    passed    100.00%
 750  spire_mag_01743952.fa    6.89%    passed     99.90%
 751  spire_mag_01744298.fa    9.99%    passed    100.00%
 752  spire_mag_01744910.fa   12.71%    passed    100.00%
 753  spire_mag_01747196.fa   10.58%    passed     99.99%
 754  spire_mag_01748232.fa   11.28%    passed     99.94%
 755  spire_mag_01748689.fa    8.00%    passed     99.91%
 756  spire_mag_01749319.fa    8.72%    passed     99.94%
 757  spire_mag_01750747.fa   15.53%    passed     98.87%
 758  spire_mag_01752215.fa    7.51%    passed     99.96%
 759  spire_mag_01753570.fa   12.77%    passed     96.13%
 760  spire_mag_01753708.fa    7.29%    passed     99.94%
 761  spire_mag_01753944.fa    5.52%    passed     99.83%
 762  spire_mag_01755240.fa    7.78%    passed     99.97%
 763  spire_mag_01759821.fa    3.63%    passed     99.91%
 764  spire_mag_01775892.fa   13.17%    passed     97.29%
 765  spire_mag_01776406.fa    9.43%    passed     99.99%
 766  spire_mag_01776429.fa    6.95%    passed    100.00%
 767  spire_mag_01776742.fa   11.83%    passed     99.07%
 768  spire_mag_01776854.fa   13.76%    passed     99.11%
 769  spire_mag_01777252.fa   10.90%    passed     99.15%
 770  spire_mag_01777835.fa   10.42%    passed     96.96%
 771  spire_mag_01784070.fa   15.69%    passed     99.77%
 772  spire_mag_01787296.fa   10.41%    passed     99.92%
 773  spire_mag_01822349.fa    7.78%    passed     97.94%
 774  spire_mag_01822855.fa    4.51%    passed     98.77%
 775  spire_mag_01823769.fa    7.68%    passed     99.85%
 776  spire_mag_01824889.fa    6.10%    passed     99.51%
 777  spire_mag_01824983.fa    6.16%    passed     99.54%
 778  spire_mag_01825260.fa    7.29%    passed     99.97%
 779  spire_mag_01830074.fa    6.12%    passed     99.48%
 780  spire_mag_01882615.fa    5.32%    passed     99.99%
 781  spire_mag_01882632.fa   13.98%    passed     84.06%
 782  spire_mag_01882647.fa   14.10%    passed     99.30%
 783  spire_mag_01947641.fa   19.04%    passed     99.62%
 784  spire_mag_01947705.fa    9.95%    passed     99.92%
 785  spire_mag_01947849.fa   17.67%    passed     99.59%
 786  spire_mag_01948467.fa    7.15%    passed    100.00%
 787  spire_mag_01949332.fa   13.20%    passed     99.95%
 788  spire_mag_01949386.fa   16.92%    passed     99.82%
 789  spire_mag_01949445.fa   11.81%    passed     99.98%
 790  spire_mag_01949778.fa   11.70%    passed     99.88%
 791  spire_mag_01949938.fa   16.62%    passed     98.74%
 792  spire_mag_01959179.fa   12.75%    passed     24.88%
 793  spire_mag_01960731.fa    9.25%    passed     99.91%
 794  spire_mag_01960893.fa    7.13%    passed    100.00%
 795  spire_mag_02001406.fa   16.68%    passed     99.96%
 796  spire_mag_02001409.fa    2.82%    passed     99.94%
 797  spire_mag_02001657.fa    7.47%    passed    100.00%
 798  spire_mag_02001975.fa    5.20%    passed     99.98%
 799  spire_mag_02002215.fa   11.32%    passed     99.88%
 800  spire_mag_02003535.fa   14.36%    passed     98.37%
 801  spire_mag_02005306.fa   11.10%    passed     99.85%
 802  spire_mag_02028936.fa    8.52%    passed     99.86%
 803  spire_mag_02087828.fa    5.22%    passed     99.98%
 804  spire_mag_02088219.fa    8.92%    passed     99.98%
 805  spire_mag_02088284.fa    8.70%    passed     99.56%
 806  spire_mag_02088287.fa    9.37%    passed     99.98%
 807  spire_mag_02088330.fa    7.09%    passed     99.57%
 808  spire_mag_02088418.fa    6.10%    passed     99.99%
 809  spire_mag_02088507.fa    5.76%    passed     99.98%
 810  spire_mag_02088609.fa    5.60%    passed     99.99%
 811  spire_mag_02088828.fa    5.96%    passed     99.86%
 812  spire_mag_02100063.fa    4.53%    passed     99.84%
 813  spire_mag_02102612.fa   13.72%    passed     99.38%
 814  spire_mag_02166032.fa    5.14%    passed    100.00%
 815  spire_mag_02184890.fa    2.76%    passed     99.99%
 816  spire_mag_02186423.fa    4.47%    passed    100.00%
 817  spire_mag_02199963.fa   18.63%    passed     99.97%
 818  spire_mag_02200992.fa   11.32%    passed     99.26%
 819  spire_mag_02208815.fa    9.15%    passed    100.00%
 820  spire_mag_02292565.fa    4.21%    passed    100.00%
 821  spire_mag_02292667.fa    4.53%    passed    100.00%
 822  spire_mag_02293016.fa    4.98%    passed    100.00%
 823  spire_mag_02293027.fa    5.42%    passed    100.00%
 824  spire_mag_02293116.fa   15.73%    passed    100.00%
 825  spire_mag_02294311.fa    7.86%    passed    100.00%
 826  spire_mag_02294715.fa    2.86%    passed    100.00%
 827  spire_mag_02295856.fa    8.22%    passed    100.00%
 828  spire_mag_02296017.fa    6.87%    passed    100.00%
 829  spire_mag_02296298.fa   12.11%    passed     99.99%
 830  spire_mag_02296681.fa    3.18%    passed    100.00%
 831  spire_mag_02297276.fa   14.18%    passed     99.98%
 832  spire_mag_02297337.fa    6.49%    passed    100.00%
 833  spire_mag_02298516.fa    6.00%    passed    100.00%
 834  spire_mag_02298601.fa    6.25%    passed    100.00%
 835  spire_mag_02299450.fa    9.27%    passed    100.00%
 836  spire_mag_02299568.fa   11.32%    passed    100.00%
 837  spire_mag_02300518.fa    7.29%    passed    100.00%
 838  spire_mag_02300699.fa   26.17%    passed     93.53%
 839  spire_mag_02300785.fa    3.69%    passed    100.00%
 840  spire_mag_02305637.fa    4.59%    passed    100.00%
 841  spire_mag_02306214.fa    8.94%    passed     99.96%
 842  spire_mag_02307077.fa    8.44%    passed    100.00%
 843  spire_mag_02307626.fa    4.41%    passed    100.00%
 844  spire_mag_02307797.fa    5.38%    passed    100.00%
 845  spire_mag_02307968.fa   10.37%    passed    100.00%
 846  spire_mag_02370601.fa    3.26%    passed     99.98%
 847  spire_mag_02370757.fa   11.93%    passed     99.89%
 848  spire_mag_02371253.fa    6.06%    passed     99.94%
 849  spire_mag_02374219.fa    9.51%    passed     99.97%
 850  spire_mag_02374351.fa    3.99%    passed     99.99%
 851  spire_mag_02374732.fa    8.70%    passed     99.11%
 852  spire_mag_02394504.fa   13.44%    passed     99.99%
 853  spire_mag_02516797.fa    7.72%    passed     99.99%
 854  spire_mag_02519404.fa   13.58%    passed     99.94%
 855  spire_mag_02520786.fa    5.48%    passed    100.00%
 856  spire_mag_02521398.fa   21.53%    passed     96.83%
 857  spire_mag_02570492.fa    5.48%    passed     99.75%
 858  spire_mag_02598702.fa    5.76%    passed    100.00%
 859  spire_mag_02683911.fa   10.15%    passed     93.18%
 860  spire_mag_02762480.fa    8.14%    passed    100.00%
 861  spire_mag_02837879.fa    5.04%    passed     97.56%
 862  spire_mag_02882770.fa   11.54%    passed     98.98%
WARNING: 2 sequences contain more than 50% gaps/ambiguity
****  TOTAL                    8.03%  1 sequences failed composition chi2 test (p-value<5%; df=19)

Create initial parsimony tree by phylogenetic likelihood library (PLL)... 1.741 seconds
Generating 1000 samples for ultrafast bootstrap (seed: 457259)...

NOTE: 2639 MB RAM (2 GB) is required!
Estimate model parameters (epsilon = 0.100)
1. Initial log-likelihood: -603700.689
2. Current log-likelihood: -585134.076
3. Current log-likelihood: -584346.683
4. Current log-likelihood: -584297.179
5. Current log-likelihood: -584292.670
6. Current log-likelihood: -584292.479
Optimal log-likelihood: -584292.446
Gamma shape alpha: 0.481
Parameters optimization took 6 rounds (24.881 sec)
Computing ML distances based on estimated model parameters... 37.799 sec
Computing BIONJ tree...
0.383 seconds
Log-likelihood of BIONJ tree: -587158.090
--------------------------------------------------------------------
|             INITIALIZING CANDIDATE TREE SET                      |
--------------------------------------------------------------------
Generating 98 parsimony trees... 192.552 second
Computing log-likelihood of 98 initial trees ... 106.682 seconds
Current best score: -584292.446

Do NNI search on 20 best initial trees
Estimate model parameters (epsilon = 0.100)
BETTER TREE FOUND at iteration 1: -583816.008
Estimate model parameters (epsilon = 0.100)
BETTER TREE FOUND at iteration 2: -583801.361
Estimate model parameters (epsilon = 0.100)
BETTER TREE FOUND at iteration 6: -583718.912
Iteration 10 / LogL: -583809.612 / Time: 0h:10m:21s
Iteration 20 / LogL: -583845.595 / Time: 0h:14m:33s
Finish initializing candidate tree set (20)
Current best tree score: -583718.912 / CPU time: 815.533
Number of iterations: 20
--------------------------------------------------------------------
|               OPTIMIZING CANDIDATE TREE SET                      |
--------------------------------------------------------------------
Estimate model parameters (epsilon = 0.100)
BETTER TREE FOUND at iteration 23: -583696.031
Estimate model parameters (epsilon = 0.100)
BETTER TREE FOUND at iteration 25: -583671.305
Iteration 30 / LogL: -583831.837 / Time: 0h:18m:47s (1h:1m:28s left)
Estimate model parameters (epsilon = 0.100)
BETTER TREE FOUND at iteration 32: -583666.693
Estimate model parameters (epsilon = 0.100)
BETTER TREE FOUND at iteration 40: -583664.867
Iteration 40 / LogL: -583664.867 / Time: 0h:22m:54s (0h:58m:39s left)
Estimate model parameters (epsilon = 0.100)
BETTER TREE FOUND at iteration 49: -583664.084
Iteration 50 / LogL: -583926.577 / Time: 0h:27m:0s (0h:54m:31s left)
Log-likelihood cutoff on original alignment: -584059.613
Estimate model parameters (epsilon = 0.100)
BETTER TREE FOUND at iteration 54: -583663.073
Estimate model parameters (epsilon = 0.100)
BETTER TREE FOUND at iteration 57: -583660.987
Iteration 60 / LogL: -583682.248 / Time: 0h:31m:7s (0h:51m:7s left)
Estimate model parameters (epsilon = 0.100)
BETTER TREE FOUND at iteration 69: -583660.270
Estimate model parameters (epsilon = 0.100)
BETTER TREE FOUND at iteration 70: -583658.772
Iteration 70 / LogL: -583658.772 / Time: 0h:35m:33s (0h:51m:29s left)
Iteration 80 / LogL: -583683.862 / Time: 0h:39m:21s (0h:44m:48s left)
Iteration 90 / LogL: -583887.955 / Time: 0h:43m:32s (0h:39m:6s left)
Estimate model parameters (epsilon = 0.100)
BETTER TREE FOUND at iteration 97: -583633.183
Iteration 100 / LogL: -583810.317 / Time: 0h:47m:31s (0h:46m:32s left)
Log-likelihood cutoff on original alignment: -584059.613
NOTE: Bootstrap correlation coefficient of split occurrence frequencies: 0.992
Iteration 110 / LogL: -583764.575 / Time: 0h:51m:33s (0h:42m:33s left)
Estimate model parameters (epsilon = 0.100)
BETTER TREE FOUND at iteration 111: -583615.456
Iteration 120 / LogL: -583683.774 / Time: 0h:55m:44s (0h:42m:36s left)
Iteration 130 / LogL: -583644.048 / Time: 0h:59m:48s (0h:37m:32s left)
Iteration 140 / LogL: -583873.637 / Time: 1h:3m:26s (0h:32m:23s left)
Iteration 150 / LogL: -583660.827 / Time: 1h:7m:25s (0h:27m:35s left)
Log-likelihood cutoff on original alignment: -584059.613
Estimate model parameters (epsilon = 0.100)
BETTER TREE FOUND at iteration 157: -583609.102
Iteration 160 / LogL: -583857.931 / Time: 1h:10m:43s (0h:43m:7s left)
Iteration 170 / LogL: -583720.558 / Time: 1h:13m:35s (0h:37m:52s left)
Iteration 180 / LogL: -583633.785 / Time: 1h:16m:34s (0h:32m:55s left)
Iteration 190 / LogL: -583998.887 / Time: 1h:19m:22s (0h:28m:7s left)
Iteration 200 / LogL: -583879.343 / Time: 1h:24m:40s (0h:24m:14s left)
Log-likelihood cutoff on original alignment: -584059.613
NOTE: Bootstrap correlation coefficient of split occurrence frequencies: 0.991
Iteration 210 / LogL: -583619.695 / Time: 1h:30m:0s (0h:38m:44s left)
Iteration 220 / LogL: -583659.910 / Time: 1h:35m:7s (0h:34m:44s left)
Iteration 230 / LogL: -583709.228 / Time: 1h:40m:15s (0h:30m:38s left)
Iteration 240 / LogL: -583661.427 / Time: 1h:45m:38s (0h:26m:30s left)
Iteration 250 / LogL: -583648.925 / Time: 1h:51m:1s (0h:22m:17s left)
Log-likelihood cutoff on original alignment: -584059.613
TREE SEARCH COMPLETED AFTER 258 ITERATIONS / Time: 1h:55m:18s

--------------------------------------------------------------------
|                    FINALIZING TREE SEARCH                        |
--------------------------------------------------------------------
Performs final model parameters optimization
Estimate model parameters (epsilon = 0.010)
1. Initial log-likelihood: -583609.102
Optimal log-likelihood: -583609.101
Gamma shape alpha: 0.481
Parameters optimization took 1 rounds (3.634 sec)
BEST SCORE FOUND : -583609.101
Creating bootstrap support values...
Split supports printed to NEXUS file iqtree/myco_bac120.splits.nex
Total tree length: 52.033

Total number of iterations: 258
CPU time used for tree search: 105236.883 sec (29h:13m:56s)
Wall-clock time used for tree search: 6860.617 sec (1h:54m:20s)
Total CPU time used: 106125.154 sec (29h:28m:45s)
Total wall-clock time used: 6923.629 sec (1h:55m:23s)

Computing bootstrap consensus tree...
Reading input file iqtree/myco_bac120.splits.nex...
862 taxa and 3816 splits.
Consensus tree written to iqtree/myco_bac120.contree
Reading input trees file iqtree/myco_bac120.contree
Log-likelihood of consensus tree: -583598.427

Analysis results written to: 
  IQ-TREE report:                iqtree/myco_bac120.iqtree
  Maximum-likelihood tree:       iqtree/myco_bac120.treefile
  Likelihood distances:          iqtree/myco_bac120.mldist

Ultrafast bootstrap approximation results written to:
  Split support values:          iqtree/myco_bac120.splits.nex
  Consensus tree:                iqtree/myco_bac120.contree
  Screen log file:               iqtree/myco_bac120.log

Date and Time: Sun Jun  7 17:10:24 2026
